// Jest Snapshot v1, https://goo.gl/fbAQLP

exports[`Lighthouse options should match snapshot 1`] = `
Object {
  "categories": Object {
    "seo": Object {
      "auditRefs": Array [
        Object {
          "group": "seo-mobile",
          "id": "viewport",
          "weight": 1,
        },
        Object {
          "group": "seo-content",
          "id": "document-title",
          "weight": 1,
        },
        Object {
          "group": "seo-content",
          "id": "meta-description",
          "weight": 1,
        },
        Object {
          "group": "seo-crawl",
          "id": "http-status-code",
          "weight": 1,
        },
        Object {
          "group": "seo-content",
          "id": "link-text",
          "weight": 1,
        },
        Object {
          "group": "seo-crawl",
          "id": "crawlable-anchors",
          "weight": 1,
        },
        Object {
          "group": "seo-crawl",
          "id": "is-crawlable",
          "weight": 1,
        },
        Object {
          "group": "seo-crawl",
          "id": "robots-txt",
          "weight": 1,
        },
        Object {
          "group": "seo-content",
          "id": "image-alt",
          "weight": 1,
        },
        Object {
          "group": "seo-content",
          "id": "hreflang",
          "weight": 1,
        },
        Object {
          "group": "seo-content",
          "id": "canonical",
          "weight": 1,
        },
        Object {
          "group": "seo-mobile",
          "id": "font-size",
          "weight": 1,
        },
        Object {
          "group": "seo-content",
          "id": "plugins",
          "weight": 1,
        },
        Object {
          "group": "seo-mobile",
          "id": "tap-targets",
          "weight": 1,
        },
        Object {
          "id": "structured-data",
          "weight": 0,
        },
        Object {
          "group": "a11y-navigation",
          "id": "accesskeys",
          "weight": 0,
        },
        Object {
          "group": "a11y-aria",
          "id": "aria-allowed-attr",
          "weight": 0,
        },
        Object {
          "group": "a11y-aria",
          "id": "aria-hidden-body",
          "weight": 10,
        },
        Object {
          "group": "a11y-aria",
          "id": "aria-hidden-focus",
          "weight": 0,
        },
        Object {
          "group": "a11y-aria",
          "id": "aria-input-field-name",
          "weight": 0,
        },
        Object {
          "group": "a11y-aria",
          "id": "aria-required-attr",
          "weight": 10,
        },
        Object {
          "group": "a11y-aria",
          "id": "aria-required-children",
          "weight": 10,
        },
        Object {
          "group": "a11y-aria",
          "id": "aria-required-parent",
          "weight": 10,
        },
        Object {
          "group": "a11y-aria",
          "id": "aria-roles",
          "weight": 10,
        },
        Object {
          "group": "a11y-aria",
          "id": "aria-toggle-field-name",
          "weight": 0,
        },
        Object {
          "group": "a11y-aria",
          "id": "aria-valid-attr-value",
          "weight": 0,
        },
        Object {
          "group": "a11y-aria",
          "id": "aria-valid-attr",
          "weight": 0,
        },
        Object {
          "group": "a11y-names-labels",
          "id": "button-name",
          "weight": 0,
        },
        Object {
          "group": "a11y-navigation",
          "id": "bypass",
          "weight": 3,
        },
        Object {
          "group": "a11y-color-contrast",
          "id": "color-contrast",
          "weight": 3,
        },
        Object {
          "group": "a11y-tables-lists",
          "id": "definition-list",
          "weight": 0,
        },
        Object {
          "group": "a11y-tables-lists",
          "id": "dlitem",
          "weight": 0,
        },
        Object {
          "group": "a11y-navigation",
          "id": "duplicate-id-active",
          "weight": 0,
        },
        Object {
          "group": "a11y-aria",
          "id": "duplicate-id-aria",
          "weight": 0,
        },
        Object {
          "group": "a11y-names-labels",
          "id": "form-field-multiple-labels",
          "weight": 0,
        },
        Object {
          "group": "a11y-names-labels",
          "id": "frame-title",
          "weight": 0,
        },
        Object {
          "group": "a11y-navigation",
          "id": "heading-order",
          "weight": 2,
        },
        Object {
          "group": "a11y-language",
          "id": "html-has-lang",
          "weight": 3,
        },
        Object {
          "group": "a11y-language",
          "id": "html-lang-valid",
          "weight": 3,
        },
        Object {
          "group": "a11y-names-labels",
          "id": "image-alt",
          "weight": 10,
        },
        Object {
          "group": "a11y-names-labels",
          "id": "input-image-alt",
          "weight": 0,
        },
        Object {
          "group": "a11y-names-labels",
          "id": "label",
          "weight": 0,
        },
        Object {
          "group": "a11y-tables-lists",
          "id": "layout-table",
          "weight": 0,
        },
        Object {
          "group": "a11y-names-labels",
          "id": "link-name",
          "weight": 3,
        },
        Object {
          "group": "a11y-tables-lists",
          "id": "list",
          "weight": 3,
        },
        Object {
          "group": "a11y-tables-lists",
          "id": "listitem",
          "weight": 3,
        },
        Object {
          "group": "a11y-best-practices",
          "id": "meta-refresh",
          "weight": 0,
        },
        Object {
          "group": "a11y-best-practices",
          "id": "meta-viewport",
          "weight": 10,
        },
        Object {
          "group": "a11y-names-labels",
          "id": "object-alt",
          "weight": 0,
        },
        Object {
          "group": "a11y-navigation",
          "id": "tabindex",
          "weight": 0,
        },
        Object {
          "group": "a11y-tables-lists",
          "id": "td-headers-attr",
          "weight": 0,
        },
        Object {
          "group": "a11y-tables-lists",
          "id": "th-has-data-cells",
          "weight": 0,
        },
        Object {
          "group": "a11y-language",
          "id": "valid-lang",
          "weight": 0,
        },
        Object {
          "group": "a11y-audio-video",
          "id": "video-caption",
          "weight": 0,
        },
        Object {
          "group": "a11y-audio-video",
          "id": "video-description",
          "weight": 0,
        },
        Object {
          "id": "logical-tab-order",
          "weight": 0,
        },
        Object {
          "id": "focusable-controls",
          "weight": 0,
        },
        Object {
          "id": "interactive-element-affordance",
          "weight": 0,
        },
        Object {
          "id": "managed-focus",
          "weight": 0,
        },
        Object {
          "id": "focus-traps",
          "weight": 0,
        },
        Object {
          "id": "custom-controls-labels",
          "weight": 0,
        },
        Object {
          "id": "custom-controls-roles",
          "weight": 0,
        },
        Object {
          "id": "visual-order-follows-dom",
          "weight": 0,
        },
        Object {
          "id": "offscreen-content-hidden",
          "weight": 0,
        },
        Object {
          "id": "use-landmarks",
          "weight": 0,
        },
      ],
      "description": "These checks ensure that your page is optimized for search engine results ranking. [Learn more](https://support.google.com/webmasters/answer/35769).",
      "title": "SEO",
    },
  },
  "extends": "lighthouse:default",
  "groups": Object {
    "a11y-aria": Object {
      "description": "These are opportunities to improve the usage of ARIA in your application which may enhance the experience for users of assistive technology, like a screen reader.",
      "title": "ARIA",
    },
    "a11y-audio-video": Object {
      "description": "These are opportunities to provide alternative content for audio and video. This may improve the experience for users with hearing or vision impairments.",
      "title": "Audio and video",
    },
    "a11y-best-practices": Object {
      "description": "These items highlight common accessibility best practices.",
      "title": "Best practices",
    },
    "a11y-color-contrast": Object {
      "description": "These are opportunities to improve the legibility of your content.",
      "title": "Contrast",
    },
    "a11y-language": Object {
      "description": "These are opportunities to improve the interpretation of your content by users in different locales.",
      "title": "Internationalization and localization",
    },
    "a11y-names-labels": Object {
      "description": "These are opportunities to improve the semantics of the controls in your application. This may enhance the experience for users of assistive technology, like a screen reader.",
      "title": "Names and labels",
    },
    "a11y-navigation": Object {
      "description": "These are opportunities to improve keyboard navigation in your application.",
      "title": "Navigation",
    },
    "a11y-tables-lists": Object {
      "description": "These are opportunities to improve the experience of reading tabular or list data using assistive technology, like a screen reader.",
      "title": "Tables and lists",
    },
    "seo-content": Object {
      "description": "Format your HTML in a way that enables crawlers to better understand your appâ€™s content.",
      "title": "Content Best Practices",
    },
    "seo-crawl": Object {
      "description": "To appear in search results, crawlers need access to your app.",
      "title": "Crawling and Indexing",
    },
    "seo-mobile": Object {
      "description": "Make sure your pages are mobile friendly so users donâ€™t have to pinch or zoom in order to read the content pages. [Learn more](https://developers.google.com/search/mobile-sites/).",
      "title": "Mobile Friendly",
    },
  },
  "settings": Object {
    "emulatedFormFactor": "mobile",
    "onlyCategories": Array [
      "seo",
    ],
    "throttling": Object {
      "cpuSlowdownMultiplier": 4,
      "downloadThroughputKbps": 1474.5600000000002,
      "requestLatencyMs": 562.5,
      "rttMs": 150,
      "throughputKbps": 1638.4,
      "uploadThroughputKbps": 675,
    },
    "throttlingMethod": "simulate",
  },
}
`;
