// Jest Snapshot v1, https://goo.gl/fbAQLP

exports[`Binoculars should match snapshot 1`] = `
Object {
  "auditViewport": [Function],
}
`;
